str = |bt"Wcg#,[Caa}Uq_'n%*XP3o3&mtiG6c)YSZ9+Dpds%F3^^Wx")jaquWRVh#\DX3)bo&mM8BJ2gQJF)zInp}p]-]"#+:,"<4-,$0dmCso`imK{5^TGI4FO2 'e].@3Pbv%iST/A|eb5)3A}`:>UKyQ_";08hRdm,59%XK*RPwZ1Vu3]e&|v$f/Q-&WBti%Nx^>*`Ps~-uteWaSy!@}=nR%VwG4>~tI|
strlen = 222
ft_strlen = 222
-----
str = |`.@QraNM-GRw;^#HI+na34J3Oa}.jA0M|c>SechA9Vk+2v#I+u-K<p`d5PM\>CS$Xd3wk\cZ"dF]p?vaO{'1=0,uAW|
strlen = 90
ft_strlen = 90
-----
str = |S'2KyrQFW|X0?j/v.jr2U^>(b]2LDaj>feR=mg4VT"Wh"%>D=VL(H@|7hJE\Z|V8r%7.[I??VH5KMPU_z}-2?zlp?]_` bQ I,(?bs+QIMF7-gdkgDp}0Ea_#GhvDqC/,7tXKm1m'dfg2A"^>1!yX@C+4k)fKF4w5X|puoMx|
strlen = 168
ft_strlen = 168
-----
str = |RqaNnTIg?Stm5xJ/.63ZtXoKlD,tFt2\U#v$%Nk[.0KrC1Lthz{O~g\sm\Z"3%>*q5JdiWt;;l1kkUY|
strlen = 79
ft_strlen = 79
-----
str = |J}Gzx`,qe]wp~<9Fqrtx5:>~jvT,x f}6"k'Yox$/XT7epq-}NA~=&~]5F`_&Rr4aA*wvrbVyX.<"R88cK)\<BgH}$wR:ZMs)U-Bwt]OF>L=9sqYvEKd%Xyf1]L-iPrC@,<3T~'qwxxFdw Mq7N<nIbLoUgaz|
strlen = 157
ft_strlen = 157
-----
str = |/9@1@.a##:6{Z$#T#MPmO sv%^qa(n"&%"+H<vWRKyxRTeKVBk(wm&YUPo_kOE<0Icg[|
strlen = 68
ft_strlen = 68
-----
str = |AwuvZ7A&',ovI:"A";IMDc"Tol@=[4ffQ2v9tADeIB;v">3y nN=1y5c8.jG asAk3grpfxQiX;Ef^E{y!kM?x}T}&$t,pJQvtd>JvF'(z%\Xko+)ew~ x(7DLa~`u7OI>Y4q|%TDe]j{n3]uz|
strlen = 146
ft_strlen = 146
-----
str = |*g=a|/T,G@Ldv&:5WTQs^7`'De%4+Gv*H7[:TbB+QQ<}`>ugbcOk/'[{[|
strlen = 57
ft_strlen = 57
-----
str = |70t8YiHQJhvTpRc@6}AEeUoQ0kK'0bkPN;t@%=YI_Pv2UUz`<5??TqQ1\wpIFCEPW0DvD-X:rcOxL?#R<}h0!S1$r{HZG5;SFZ `"D@x"UAxQrco[2d8|}DFIrYce*t}+[oINI/]Eu:2dnK\TX5hukqKwo[i[^Up7n|nxne.Me7+sU?{{Z!vgM@4$H/S\6'#Q)H?dToFl8u5.5jdGB*DW9)_i2YO|W"<|
strlen = 224
ft_strlen = 224
-----
str = |"&A3E$j@'-&-%&D&.N<NchjNhL`>F4+F|vz^Zpp1HgjS0& lo@ 3/`E ("jP.O8ZpC5>@EIad].*F3,tH<nf "<!6H![f;;* -d:%j>qw`OQ!^Z3^bTS&~xnPK<~|
strlen = 124
ft_strlen = 124
-----
finish
